BL51 BANKED LINKER/LOCATER V6.22.4.0                                                    09/21/2024  15:11:01  PAGE 1


BL51 BANKED LINKER/LOCATER V6.22.4.0, INVOKED BY:
C:\SOFTWARE\IDE\KEIL\C51\BIN\BL51.EXE ..\Output\STARTUP.obj, ..\Output\stc89cxx.obj, ..\Output\main.obj, ..\Output\bsp_c
>> ar.obj, ..\Output\bsp_uart.obj, ..\Output\bsp_tcrt5000.obj, ..\Output\bsp_obstacle_avoidance.obj TO ..\Output\51ÖÇÄÜÐ
>> ¡³µ PRINT (..\Listing\51ÖÇÄÜÐ¡³µ.m51) RAMSIZE (256)


MEMORY MODEL: SMALL WITH FLOATING POINT ARITHMETIC


INPUT MODULES INCLUDED:
  ..\Output\STARTUP.obj (?C_STARTUP)
  ..\Output\stc89cxx.obj (STC89CXX)
  ..\Output\main.obj (MAIN)
  ..\Output\bsp_car.obj (BSP_CAR)
  ..\Output\bsp_uart.obj (BSP_UART)
  ..\Output\bsp_tcrt5000.obj (BSP_TCRT5000)
  ..\Output\bsp_obstacle_avoidance.obj (BSP_OBSTACLE_AVOIDANCE)
  C:\SOFTWARE\IDE\KEIL\C51\LIB\C51FPS.LIB (?C?FPMUL)
  C:\SOFTWARE\IDE\KEIL\C51\LIB\C51FPS.LIB (?C?FCAST)
  C:\SOFTWARE\IDE\KEIL\C51\LIB\C51FPS.LIB (?C?CASTF)
  C:\SOFTWARE\IDE\KEIL\C51\LIB\C51FPS.LIB (?C?FPGETOPN)
  C:\SOFTWARE\IDE\KEIL\C51\LIB\C51S.LIB (?C?LNEG)


LINK MAP OF MODULE:  ..\Output\51ÖÇÄÜÐ¡³µ (?C_STARTUP)


            TYPE    BASE      LENGTH    RELOCATION   SEGMENT NAME
            -----------------------------------------------------

            * * * * * * *   D A T A   M E M O R Y   * * * * * * *
            REG     0000H     0008H     ABSOLUTE     "REG BANK 0"
            DATA    0008H     0004H     UNIT         _DATA_GROUP_
            DATA    000CH     0001H     UNIT         ?DT?BSP_UART
            IDATA   000DH     0001H     UNIT         ?STACK

            * * * * * * *   C O D E   M E M O R Y   * * * * * * *
            CODE    0000H     0003H     ABSOLUTE     
                    0003H     0020H                  *** GAP ***
            CODE    0023H     0003H     ABSOLUTE     
                    0026H     07DAH                  *** GAP ***
            CODE    0800H     01D3H     UNIT         ?C?LIB_CODE
            CODE    09D3H     006DH     UNIT         ?PR?MAIN?MAIN
            CODE    0A40H     0069H     UNIT         ?PR?FOLLOWTHETRAIL?BSP_TCRT5000
            CODE    0AA9H     0057H     UNIT         ?PR?OBSACLE_AVOIDANCE?BSP_OBSTACLE_AVOIDANCE
            CODE    0B00H     0040H     UNIT         ?PR?LOOP?BSP_OBSTACLE_AVOIDANCE
            CODE    0B40H     003FH     UNIT         ?PR?CALC?BSP_OBSTACLE_AVOIDANCE
            CODE    0B7FH     001AH     UNIT         ?PR?UART_CONFIG?BSP_UART
            CODE    0B99H     0016H     UNIT         ?PR?_DELAY_1MS?STC89CXX
            CODE    0BAFH     0011H     UNIT         ?PR?CAR_STOP?BSP_CAR
            CODE    0BC0H     0011H     UNIT         ?PR?CAR_FORWARD?BSP_CAR
            CODE    0BD1H     0011H     UNIT         ?PR?CAR_RETREAT?BSP_CAR
            CODE    0BE2H     0011H     UNIT         ?PR?CAR_LEFT?BSP_CAR
            CODE    0BF3H     0011H     UNIT         ?PR?CAR_RIGHT?BSP_CAR
            CODE    0C04H     0011H     UNIT         ?PR?TRIGGER?BSP_OBSTACLE_AVOIDANCE
            CODE    0C15H     000CH     UNIT         ?C_C51STARTUP
            CODE    0C21H     000BH     UNIT         ?PR?_DELAY?STC89CXX
            CODE    0C2CH     0009H     UNIT         ?PR?UART?BSP_UART
BL51 BANKED LINKER/LOCATER V6.22.4.0                                                  09/21/2024  15:11:01  PAGE 2





OVERLAY MAP OF MODULE:   ..\Output\51ÖÇÄÜÐ¡³µ (?C_STARTUP)


SEGMENT                                            DATA_GROUP 
  +--> CALLED SEGMENT                            START    LENGTH
----------------------------------------------------------------
?C_C51STARTUP                                    -----    -----
  +--> ?PR?MAIN?MAIN

?PR?MAIN?MAIN                                    -----    -----
  +--> ?PR?UART_CONFIG?BSP_UART
  +--> ?PR?CAR_FORWARD?BSP_CAR
  +--> ?PR?CAR_RETREAT?BSP_CAR
  +--> ?PR?CAR_LEFT?BSP_CAR
  +--> ?PR?CAR_RIGHT?BSP_CAR
  +--> ?PR?CAR_STOP?BSP_CAR
  +--> ?PR?FOLLOWTHETRAIL?BSP_TCRT5000
  +--> ?PR?OBSACLE_AVOIDANCE?BSP_OBSTACLE_AV...

?PR?FOLLOWTHETRAIL?BSP_TCRT5000                  -----    -----
  +--> ?PR?CAR_FORWARD?BSP_CAR
  +--> ?PR?CAR_LEFT?BSP_CAR
  +--> ?PR?CAR_RIGHT?BSP_CAR
  +--> ?PR?_DELAY?STC89CXX

?PR?OBSACLE_AVOIDANCE?BSP_OBSTACLE_AV...         0008H    0002H
  +--> ?PR?CAR_FORWARD?BSP_CAR
  +--> ?PR?LOOP?BSP_OBSTACLE_AVOIDANCE
  +--> ?PR?CAR_RETREAT?BSP_CAR
  +--> ?PR?_DELAY?STC89CXX
  +--> ?PR?CAR_LEFT?BSP_CAR
  +--> ?PR?CAR_STOP?BSP_CAR
  +--> ?PR?CAR_RIGHT?BSP_CAR

?PR?LOOP?BSP_OBSTACLE_AVOIDANCE                  000AH    0002H
  +--> ?PR?TRIGGER?BSP_OBSTACLE_AVOIDANCE
  +--> ?PR?CALC?BSP_OBSTACLE_AVOIDANCE
  +--> ?PR?_DELAY_1MS?STC89CXX



SYMBOL TABLE OF MODULE:  ..\Output\51ÖÇÄÜÐ¡³µ (?C_STARTUP)

  VALUE           TYPE          NAME
  ----------------------------------

  -------         MODULE        ?C_STARTUP
  C:0C15H         SEGMENT       ?C_C51STARTUP
  I:000DH         SEGMENT       ?STACK
  C:0000H         PUBLIC        ?C_STARTUP
  D:00E0H         SYMBOL        ACC
  D:00F0H         SYMBOL        B
  D:0083H         SYMBOL        DPH
  D:0082H         SYMBOL        DPL
BL51 BANKED LINKER/LOCATER V6.22.4.0                                                  09/21/2024  15:11:01  PAGE 3


  N:0000H         SYMBOL        IBPSTACK
  N:0100H         SYMBOL        IBPSTACKTOP
  N:0080H         SYMBOL        IDATALEN
  C:0C18H         SYMBOL        IDATALOOP
  N:0000H         SYMBOL        PBPSTACK
  N:0100H         SYMBOL        PBPSTACKTOP
  N:0000H         SYMBOL        PDATALEN
  N:0000H         SYMBOL        PDATASTART
  N:0000H         SYMBOL        PPAGE
  N:0000H         SYMBOL        PPAGEENABLE
  D:00A0H         SYMBOL        PPAGE_SFR
  D:0081H         SYMBOL        SP
  C:0C15H         SYMBOL        STARTUP1
  N:0000H         SYMBOL        XBPSTACK
  N:0000H         SYMBOL        XBPSTACKTOP
  N:0000H         SYMBOL        XDATALEN
  N:0000H         SYMBOL        XDATASTART
  C:0000H         LINE#         126
  C:0C15H         LINE#         133
  C:0C17H         LINE#         134
  C:0C18H         LINE#         135
  C:0C19H         LINE#         136
  C:0C1BH         LINE#         185
  C:0C1EH         LINE#         196
  -------         ENDMOD        ?C_STARTUP

  -------         MODULE        STC89CXX
  C:0000H         SYMBOL        _ICE_DUMMY_
  D:0090H         PUBLIC        P1
  D:00B0H         PUBLIC        P3
  C:0B99H         PUBLIC        _delay_1ms
  D:00A8H         PUBLIC        IE
  C:0C21H         PUBLIC        _delay
  D:00B8H         PUBLIC        IP
  D:0098H         PUBLIC        SCON
  D:0088H         PUBLIC        TCON
  D:00C8H         PUBLIC        T2CON
  D:00D0H         PUBLIC        PSW
  -------         PROC          _DELAY_1MS
  D:0006H         SYMBOL        z
  -------         DO            
  D:0005H         SYMBOL        i
  -------         ENDDO         
  C:0B99H         LINE#         3
  C:0B99H         LINE#         5
  C:0B99H         LINE#         6
  C:0BA3H         LINE#         7
  C:0BAEH         LINE#         8
  C:0BAEH         LINE#         9
  -------         ENDPROC       _DELAY_1MS
  -------         PROC          _DELAY
  D:0006H         SYMBOL        n
  C:0C21H         LINE#         11
  C:0C21H         LINE#         12
  C:0C2BH         LINE#         13
  -------         ENDPROC       _DELAY
  -------         ENDMOD        STC89CXX
BL51 BANKED LINKER/LOCATER V6.22.4.0                                                  09/21/2024  15:11:01  PAGE 4



  -------         MODULE        MAIN
  C:0000H         SYMBOL        _ICE_DUMMY_
  D:0080H         PUBLIC        P0
  D:0090H         PUBLIC        P1
  D:00A0H         PUBLIC        P2
  D:00B0H         PUBLIC        P3
  D:00A8H         PUBLIC        IE
  D:00B8H         PUBLIC        IP
  C:09D3H         PUBLIC        main
  D:0098H         PUBLIC        SCON
  D:0088H         PUBLIC        TCON
  B:00B0H.7       PUBLIC        right_LED
  B:00B0H.6       PUBLIC        left_LED
  D:00C8H         PUBLIC        T2CON
  D:00D0H         PUBLIC        PSW
  -------         PROC          MAIN
  C:09D3H         LINE#         13
  C:09D3H         LINE#         15
  C:09D6H         LINE#         17
  C:09D6H         LINE#         19
  C:09DBH         LINE#         20
  C:09DEH         LINE#         21
  C:09E0H         LINE#         22
  C:09E5H         LINE#         23
  C:09E8H         LINE#         24
  C:09EAH         LINE#         25
  C:09EFH         LINE#         26
  C:09F2H         LINE#         27
  C:09F4H         LINE#         28
  C:09F9H         LINE#         29
  C:09FCH         LINE#         30
  C:09FEH         LINE#         31
  C:0A03H         LINE#         32
  C:0A06H         LINE#         33
  C:0A08H         LINE#         34
  C:0A0DH         LINE#         35
  C:0A13H         LINE#         36
  C:0A16H         LINE#         37
  C:0A18H         LINE#         38
  C:0A18H         LINE#         39
  C:0A1DH         LINE#         40
  C:0A22H         LINE#         41
  C:0A25H         LINE#         42
  C:0A27H         LINE#         43
  C:0A27H         LINE#         44
  C:0A2CH         LINE#         45
  C:0A2EH         LINE#         46
  C:0A30H         LINE#         47
  C:0A32H         LINE#         48
  C:0A37H         LINE#         49
  C:0A39H         LINE#         50
  C:0A3BH         LINE#         51
  C:0A3BH         LINE#         53
  C:0A3EH         LINE#         54
  -------         ENDPROC       MAIN
  -------         ENDMOD        MAIN
BL51 BANKED LINKER/LOCATER V6.22.4.0                                                  09/21/2024  15:11:01  PAGE 5



  -------         MODULE        BSP_CAR
  C:0000H         SYMBOL        _ICE_DUMMY_
  D:0080H         PUBLIC        P0
  D:0090H         PUBLIC        P1
  D:00B0H         PUBLIC        P3
  D:00A8H         PUBLIC        IE
  C:0BC0H         PUBLIC        car_forward
  C:0BD1H         PUBLIC        car_retreat
  D:00B8H         PUBLIC        IP
  D:0098H         PUBLIC        SCON
  D:0088H         PUBLIC        TCON
  C:0BF3H         PUBLIC        car_right
  B:0080H.0       PUBLIC        OUT1_1
  B:0080H.2       PUBLIC        OUT2_1
  B:0080H.1       PUBLIC        OUT1_2
  B:0080H.4       PUBLIC        OUT3_1
  B:0080H.3       PUBLIC        OUT2_2
  B:0080H.6       PUBLIC        OUT4_1
  B:0080H.5       PUBLIC        OUT3_2
  B:0080H.7       PUBLIC        OUT4_2
  C:0BE2H         PUBLIC        car_left
  C:0BAFH         PUBLIC        car_stop
  D:00C8H         PUBLIC        T2CON
  D:00D0H         PUBLIC        PSW
  -------         PROC          CAR_STOP
  C:0BAFH         LINE#         8
  C:0BAFH         LINE#         9
  C:0BB1H         LINE#         10
  C:0BB3H         LINE#         11
  C:0BB5H         LINE#         12
  C:0BB7H         LINE#         13
  C:0BB9H         LINE#         14
  C:0BBBH         LINE#         15
  C:0BBDH         LINE#         16
  C:0BBFH         LINE#         17
  -------         ENDPROC       CAR_STOP
  -------         PROC          CAR_FORWARD
  C:0BC0H         LINE#         24
  C:0BC0H         LINE#         25
  C:0BC2H         LINE#         26
  C:0BC4H         LINE#         27
  C:0BC6H         LINE#         28
  C:0BC8H         LINE#         29
  C:0BCAH         LINE#         30
  C:0BCCH         LINE#         31
  C:0BCEH         LINE#         32
  C:0BD0H         LINE#         33
  -------         ENDPROC       CAR_FORWARD
  -------         PROC          CAR_RETREAT
  C:0BD1H         LINE#         40
  C:0BD1H         LINE#         41
  C:0BD3H         LINE#         42
  C:0BD5H         LINE#         43
  C:0BD7H         LINE#         44
  C:0BD9H         LINE#         45
  C:0BDBH         LINE#         46
BL51 BANKED LINKER/LOCATER V6.22.4.0                                                  09/21/2024  15:11:01  PAGE 6


  C:0BDDH         LINE#         47
  C:0BDFH         LINE#         48
  C:0BE1H         LINE#         49
  -------         ENDPROC       CAR_RETREAT
  -------         PROC          CAR_LEFT
  C:0BE2H         LINE#         56
  C:0BE2H         LINE#         57
  C:0BE4H         LINE#         58
  C:0BE6H         LINE#         59
  C:0BE8H         LINE#         60
  C:0BEAH         LINE#         61
  C:0BECH         LINE#         62
  C:0BEEH         LINE#         63
  C:0BF0H         LINE#         64
  C:0BF2H         LINE#         65
  -------         ENDPROC       CAR_LEFT
  -------         PROC          CAR_RIGHT
  C:0BF3H         LINE#         72
  C:0BF3H         LINE#         73
  C:0BF5H         LINE#         74
  C:0BF7H         LINE#         75
  C:0BF9H         LINE#         76
  C:0BFBH         LINE#         77
  C:0BFDH         LINE#         78
  C:0BFFH         LINE#         79
  C:0C01H         LINE#         80
  C:0C03H         LINE#         81
  -------         ENDPROC       CAR_RIGHT
  -------         ENDMOD        BSP_CAR

  -------         MODULE        BSP_UART
  C:0000H         SYMBOL        _ICE_DUMMY_
  D:0090H         PUBLIC        P1
  D:00B0H         PUBLIC        P3
  B:00A8H.7       PUBLIC        EA
  D:00A8H         PUBLIC        IE
  B:00A8H.4       PUBLIC        ES
  D:00B8H         PUBLIC        IP
  B:0098H.0       PUBLIC        RI
  D:0099H         PUBLIC        SBUF
  D:0098H         PUBLIC        SCON
  D:0089H         PUBLIC        TMOD
  D:0088H         PUBLIC        TCON
  D:000CH         PUBLIC        dat
  C:0C2CH         PUBLIC        uart
  D:008CH         PUBLIC        TH0
  D:008DH         PUBLIC        TH1
  D:008AH         PUBLIC        TL0
  B:0088H.6       PUBLIC        TR1
  D:00C8H         PUBLIC        T2CON
  C:0B7FH         PUBLIC        uart_Config
  D:00D0H         PUBLIC        PSW
  -------         PROC          UART_CONFIG
  C:0B7FH         LINE#         10
  C:0B7FH         LINE#         12
  C:0B82H         LINE#         13
  C:0B85H         LINE#         15
BL51 BANKED LINKER/LOCATER V6.22.4.0                                                  09/21/2024  15:11:01  PAGE 7


  C:0B88H         LINE#         16
  C:0B8BH         LINE#         17
  C:0B8EH         LINE#         18
  C:0B90H         LINE#         19
  C:0B92H         LINE#         20
  C:0B94H         LINE#         21
  C:0B96H         LINE#         22
  C:0B98H         LINE#         23
  -------         ENDPROC       UART_CONFIG
  -------         PROC          UART
  C:0C2CH         LINE#         25
  C:0C2CH         LINE#         27
  C:0C2FH         LINE#         28
  C:0C31H         LINE#         29
  C:0C34H         LINE#         30
  C:0C34H         LINE#         31
  -------         ENDPROC       UART
  -------         ENDMOD        BSP_UART

  -------         MODULE        BSP_TCRT5000
  C:0000H         SYMBOL        _ICE_DUMMY_
  D:0080H         PUBLIC        P0
  D:0090H         PUBLIC        P1
  D:00B0H         PUBLIC        P3
  B:0090H.0       PUBLIC        S1
  B:0090H.1       PUBLIC        S2
  B:0090H.2       PUBLIC        S3
  B:0090H.3       PUBLIC        S4
  D:00A8H         PUBLIC        IE
  D:00B8H         PUBLIC        IP
  C:0A40H         PUBLIC        FollowTheTrail
  D:0098H         PUBLIC        SCON
  D:0088H         PUBLIC        TCON
  D:00C8H         PUBLIC        T2CON
  D:00D0H         PUBLIC        PSW
  -------         PROC          FOLLOWTHETRAIL
  C:0A40H         LINE#         9
  C:0A40H         LINE#         11
  C:0A58H         LINE#         12
  C:0A5BH         LINE#         13
  C:0A5BH         LINE#         14
  C:0A67H         LINE#         15
  C:0A6AH         LINE#         16
  C:0A6AH         LINE#         17
  C:0A6CH         LINE#         18
  C:0A78H         LINE#         19
  C:0A7BH         LINE#         20
  C:0A7BH         LINE#         21
  C:0A7DH         LINE#         22
  C:0A89H         LINE#         23
  C:0A8CH         LINE#         24
  C:0A90H         LINE#         25
  C:0A92H         LINE#         26
  C:0A9EH         LINE#         27
  C:0AA1H         LINE#         28
  C:0AA8H         LINE#         29
  C:0AA8H         LINE#         30
BL51 BANKED LINKER/LOCATER V6.22.4.0                                                  09/21/2024  15:11:01  PAGE 8


  -------         ENDPROC       FOLLOWTHETRAIL
  -------         ENDMOD        BSP_TCRT5000

  -------         MODULE        BSP_OBSTACLE_AVOIDANCE
  C:0000H         SYMBOL        _ICE_DUMMY_
  D:0080H         PUBLIC        P0
  D:0090H         PUBLIC        P1
  D:00A0H         PUBLIC        P2
  D:00B0H         PUBLIC        P3
  D:00A8H         PUBLIC        IE
  C:0B40H         PUBLIC        calc
  D:00B8H         PUBLIC        IP
  B:00A0H.3       PUBLIC        ECHO
  C:0AA9H         PUBLIC        Obsacle_Avoidance
  D:0098H         PUBLIC        SCON
  D:0088H         PUBLIC        TCON
  B:00A0H.2       PUBLIC        TRIG
  C:0B00H         PUBLIC        loop
  D:008CH         PUBLIC        TH0
  D:008AH         PUBLIC        TL0
  B:0088H.4       PUBLIC        TR0
  D:00C8H         PUBLIC        T2CON
  C:0C04H         PUBLIC        trigger
  D:00D0H         PUBLIC        PSW
  -------         PROC          TRIGGER
  C:0C04H         LINE#         10
  C:0C04H         LINE#         11
  C:0C04H         LINE#         12
  C:0C06H         LINE#         13
  C:0C08H         LINE#         14
  C:0C09H         LINE#         15
  C:0C0AH         LINE#         16
  C:0C0BH         LINE#         17
  C:0C0CH         LINE#         18
  C:0C0DH         LINE#         19
  C:0C0EH         LINE#         20
  C:0C0FH         LINE#         21
  C:0C10H         LINE#         22
  C:0C11H         LINE#         23
  C:0C12H         LINE#         24
  C:0C14H         LINE#         25
  -------         ENDPROC       TRIGGER
  -------         PROC          CALC
  -------         DO            
  D:0006H         SYMBOL        duration
  D:0006H         SYMBOL        distance
  -------         ENDDO         
  C:0B40H         LINE#         32
  C:0B40H         LINE#         35
  C:0B4EH         LINE#         36
  C:0B63H         LINE#         38
  C:0B79H         LINE#         39
  C:0B7CH         LINE#         40
  C:0B7EH         LINE#         42
  C:0B7EH         LINE#         43
  -------         ENDPROC       CALC
  -------         PROC          LOOP
BL51 BANKED LINKER/LOCATER V6.22.4.0                                                  09/21/2024  15:11:01  PAGE 9


  -------         DO            
  D:000AH         SYMBOL        distance
  D:0006H         SYMBOL        i
  -------         ENDDO         
  C:0B00H         LINE#         50
  C:0B00H         LINE#         52
  C:0B07H         LINE#         54
  C:0B0AH         LINE#         55
  C:0B0DH         LINE#         56
  C:0B12H         LINE#         57
  C:0B18H         LINE#         58
  C:0B18H         LINE#         59
  C:0B18H         LINE#         60
  C:0B18H         LINE#         61
  C:0B1BH         LINE#         62
  C:0B1DH         LINE#         63
  C:0B20H         LINE#         64
  C:0B25H         LINE#         65
  C:0B2BH         LINE#         66
  C:0B2BH         LINE#         67
  C:0B2BH         LINE#         68
  C:0B2BH         LINE#         69
  C:0B2DH         LINE#         70
  C:0B34H         LINE#         71
  C:0B3BH         LINE#         73
  C:0B3FH         LINE#         74
  -------         ENDPROC       LOOP
  -------         PROC          OBSACLE_AVOIDANCE
  -------         DO            
  D:0008H         SYMBOL        left
  D:0006H         SYMBOL        right
  -------         ENDDO         
  C:0AA9H         LINE#         81
  C:0AA9H         LINE#         84
  C:0AACH         LINE#         85
  C:0AB8H         LINE#         86
  C:0ABBH         LINE#         87
  C:0AC2H         LINE#         88
  C:0AC5H         LINE#         89
  C:0ACCH         LINE#         90
  C:0ACFH         LINE#         91
  C:0AD6H         LINE#         92
  C:0AD9H         LINE#         93
  C:0AE0H         LINE#         94
  C:0AE3H         LINE#         95
  C:0AE6H         LINE#         97
  C:0AEFH         LINE#         98
  C:0AF2H         LINE#         99
  C:0AF9H         LINE#         100
  C:0AFCH         LINE#         101
  C:0AFFH         LINE#         102
  C:0AFFH         LINE#         103
  C:0AFFH         LINE#         104
  -------         ENDPROC       OBSACLE_AVOIDANCE
  -------         ENDMOD        BSP_OBSTACLE_AVOIDANCE

  -------         MODULE        ?C?FPMUL
BL51 BANKED LINKER/LOCATER V6.22.4.0                                                  09/21/2024  15:11:01  PAGE 10


  C:0800H         PUBLIC        ?C?FPMUL
  -------         ENDMOD        ?C?FPMUL

  -------         MODULE        ?C?FCAST
  C:0910H         PUBLIC        ?C?FCASTC
  C:090BH         PUBLIC        ?C?FCASTI
  C:0906H         PUBLIC        ?C?FCASTL
  -------         ENDMOD        ?C?FCAST

  -------         MODULE        ?C?CASTF
  C:0944H         PUBLIC        ?C?CASTF
  -------         ENDMOD        ?C?CASTF

  -------         MODULE        ?C?LNEG
  C:09C5H         PUBLIC        ?C?LNEG
  -------         ENDMOD        ?C?LNEG

******************************************************************************
* RESTRICTED VERSION WITH 0800H BYTE CODE SIZE LIMIT; USED: 0268H BYTE (30%) *
******************************************************************************

Program Size: data=14.0 xdata=0 code=1083
LINK/LOCATE RUN COMPLETE.  0 WARNING(S),  0 ERROR(S)
